// Jest Snapshot v1, https://goo.gl/fbAQLP

exports[`Login tests Mock user has not been logged in 1`] = `
<RCTSafeAreaView
  emulateUnlessSupported={true}
  style={
    Object {
      "alignItems": "center",
      "flex": 1,
      "justifyContent": "center",
    }
  }
>
  <Text
    style={
      Object {
        "fontSize": 16,
        "textAlign": "center",
      }
    }
  >
    Email:
  </Text>
  <TextInput
    allowFontScaling={true}
    onChangeText={[Function]}
    rejectResponderTermination={true}
    style={
      Object {
        "borderWidth": 2,
        "fontSize": 20,
        "height": 40,
        "width": "60%",
      }
    }
    underlineColorAndroid="transparent"
  />
  <Text
    style={
      Object {
        "fontSize": 16,
        "textAlign": "center",
      }
    }
  >
    Password:
  </Text>
  <TextInput
    allowFontScaling={true}
    onChangeText={[Function]}
    rejectResponderTermination={true}
    secureTextEntry={true}
    style={
      Object {
        "borderWidth": 2,
        "fontSize": 20,
        "height": 40,
        "width": "60%",
      }
    }
    underlineColorAndroid="transparent"
  />
  <View
    style={
      Object {
        "alignItems": "center",
        "flexDirection": "row",
      }
    }
  >
    <View
      accessibilityRole="button"
      accessibilityState={Object {}}
      accessible={true}
      focusable={true}
      onClick={[Function]}
      onResponderGrant={[Function]}
      onResponderMove={[Function]}
      onResponderRelease={[Function]}
      onResponderTerminate={[Function]}
      onResponderTerminationRequest={[Function]}
      onStartShouldSetResponder={[Function]}
      style={
        Object {
          "opacity": 1,
        }
      }
      testID="loginButton"
    >
      <View
        style={
          Array [
            Object {},
          ]
        }
      >
        <Text
          style={
            Array [
              Object {
                "color": "#007AFF",
                "fontSize": 18,
                "margin": 8,
                "textAlign": "center",
              },
            ]
          }
        >
          Login
        </Text>
      </View>
    </View>
    <Text
      style={
        Object {
          "fontSize": 16,
          "textAlign": "center",
        }
      }
    >
       or 
    </Text>
    <View
      accessibilityRole="button"
      accessibilityState={Object {}}
      accessible={true}
      focusable={true}
      onClick={[Function]}
      onResponderGrant={[Function]}
      onResponderMove={[Function]}
      onResponderRelease={[Function]}
      onResponderTerminate={[Function]}
      onResponderTerminationRequest={[Function]}
      onStartShouldSetResponder={[Function]}
      style={
        Object {
          "opacity": 1,
        }
      }
      testID="signUpButton"
    >
      <View
        style={
          Array [
            Object {},
          ]
        }
      >
        <Text
          style={
            Array [
              Object {
                "color": "#007AFF",
                "fontSize": 18,
                "margin": 8,
                "textAlign": "center",
              },
            ]
          }
        >
          Sign Up
        </Text>
      </View>
    </View>
  </View>
</RCTSafeAreaView>
`;
