// Jest Snapshot v1, https://goo.gl/fbAQLP

exports[`Profile tests Viewing the profile page 1`] = `
<RCTSafeAreaView
  emulateUnlessSupported={true}
>
  <View
    style={
      Object {
        "flexDirection": "column",
      }
    }
  >
    <View
      style={
        Object {
          "height": "20%",
          "padding": 5,
        }
      }
    >
      <Text
        style={
          Object {
            "fontSize": 24,
            "textAlign": "center",
          }
        }
      >
        Hi, 
        default name
        !
      </Text>
      <Text
        style={
          Object {
            "fontSize": 16,
            "textAlign": "center",
          }
        }
      >
        Email: 
        ari.greenberg99@gmail.com
      </Text>
    </View>
    <View
      style={
        Object {
          "flexDirection": "column",
          "height": "80%",
          "justifyContent": "space-between",
        }
      }
    >
      <View
        style={
          Object {
            "alignItems": "center",
            "flexShrink": 1,
            "justifyContent": "space-between",
          }
        }
      >
        <View
          style={
            Object {
              "alignItems": "center",
              "height": "33%",
              "width": "100%",
            }
          }
        >
          <View
            accessible={true}
            focusable={true}
            onClick={[Function]}
            onResponderGrant={[Function]}
            onResponderMove={[Function]}
            onResponderRelease={[Function]}
            onResponderTerminate={[Function]}
            onResponderTerminationRequest={[Function]}
            onStartShouldSetResponder={[Function]}
            style={
              Object {
                "alignSelf": "center",
                "backgroundColor": "#dae8eb",
                "borderBottomWidth": 2,
                "borderColor": "#9ca7b8",
                "borderLeftWidth": 1,
                "borderRadius": 5,
                "borderRightWidth": 1,
                "borderTopWidth": 2,
                "height": "90%",
                "justifyContent": "center",
                "opacity": 1,
                "width": "90%",
              }
            }
            testID="customButton"
          >
            <Text
              style={
                Object {
                  "fontSize": 24,
                  "textAlign": "center",
                }
              }
            >
              My Bills
            </Text>
          </View>
        </View>
        <View
          style={
            Object {
              "alignItems": "center",
              "height": "33%",
              "width": "100%",
            }
          }
        >
          <View
            accessible={true}
            focusable={true}
            onClick={[Function]}
            onResponderGrant={[Function]}
            onResponderMove={[Function]}
            onResponderRelease={[Function]}
            onResponderTerminate={[Function]}
            onResponderTerminationRequest={[Function]}
            onStartShouldSetResponder={[Function]}
            style={
              Object {
                "alignSelf": "center",
                "backgroundColor": "#dae8eb",
                "borderBottomWidth": 2,
                "borderColor": "#9ca7b8",
                "borderLeftWidth": 1,
                "borderRadius": 5,
                "borderRightWidth": 1,
                "borderTopWidth": 2,
                "height": "90%",
                "justifyContent": "center",
                "opacity": 1,
                "width": "90%",
              }
            }
            testID="customButton"
          >
            <Text
              style={
                Object {
                  "fontSize": 24,
                  "textAlign": "center",
                }
              }
            >
              My Legislators
            </Text>
          </View>
        </View>
        <View
          style={
            Object {
              "alignItems": "center",
              "height": "33%",
              "width": "100%",
            }
          }
        >
          <View
            accessible={true}
            focusable={true}
            onClick={[Function]}
            onResponderGrant={[Function]}
            onResponderMove={[Function]}
            onResponderRelease={[Function]}
            onResponderTerminate={[Function]}
            onResponderTerminationRequest={[Function]}
            onStartShouldSetResponder={[Function]}
            style={
              Object {
                "alignSelf": "center",
                "backgroundColor": "#dae8eb",
                "borderBottomWidth": 2,
                "borderColor": "#9ca7b8",
                "borderLeftWidth": 1,
                "borderRadius": 5,
                "borderRightWidth": 1,
                "borderTopWidth": 2,
                "height": "90%",
                "justifyContent": "center",
                "opacity": 1,
                "width": "90%",
              }
            }
            testID="customButton"
          >
            <Text
              style={
                Object {
                  "fontSize": 24,
                  "textAlign": "center",
                }
              }
            >
              My Jurisdictions
            </Text>
          </View>
        </View>
      </View>
      <View
        style={
          Object {
            "justifyContent": "flex-end",
            "paddingBottom": 20,
            "paddingTop": 60,
          }
        }
      >
        <View
          accessibilityRole="button"
          accessibilityState={Object {}}
          accessible={true}
          focusable={true}
          onClick={[Function]}
          onResponderGrant={[Function]}
          onResponderMove={[Function]}
          onResponderRelease={[Function]}
          onResponderTerminate={[Function]}
          onResponderTerminationRequest={[Function]}
          onStartShouldSetResponder={[Function]}
          style={
            Object {
              "opacity": 1,
            }
          }
          testID="signOutButton"
        >
          <View
            style={
              Array [
                Object {},
              ]
            }
          >
            <Text
              style={
                Array [
                  Object {
                    "color": "#007AFF",
                    "fontSize": 18,
                    "margin": 8,
                    "textAlign": "center",
                  },
                ]
              }
            >
              Sign Out
            </Text>
          </View>
        </View>
        <View
          accessibilityRole="button"
          accessibilityState={Object {}}
          accessible={true}
          focusable={true}
          onClick={[Function]}
          onResponderGrant={[Function]}
          onResponderMove={[Function]}
          onResponderRelease={[Function]}
          onResponderTerminate={[Function]}
          onResponderTerminationRequest={[Function]}
          onStartShouldSetResponder={[Function]}
          style={
            Object {
              "opacity": 1,
            }
          }
          testID="deleteAccountButton"
        >
          <View
            style={
              Array [
                Object {},
              ]
            }
          >
            <Text
              style={
                Array [
                  Object {
                    "color": "#007AFF",
                    "fontSize": 18,
                    "margin": 8,
                    "textAlign": "center",
                  },
                ]
              }
            >
              Delete Account
            </Text>
          </View>
        </View>
      </View>
    </View>
  </View>
</RCTSafeAreaView>
`;
